// Code generated by "array_helper"; DO NOT EDIT.

package chapter2

type Users []*User

func (a Users) Filter(f func(o *User) bool) Users {
	res := make(Users, 0)
	for _, o := range a {
		if f(o) {
			res = append(res, o)
		}
	}
	return res
}
